[metashark.space/index.html]
[backblue.gif]
[fade.gif]
[index.html]
[metashark.space/img/cicrlelogo.png]
[metashark.space/css/bootstrap.min.css]
[metashark.space/css/animate.min.css]
[metashark.space/css/magnific-popup.css]
[metashark.space/css/fontawesome-all.min.css]
[metashark.space/css/odometer.css]
[metashark.space/css/aos.css]
[metashark.space/css/owl.carousel.min.css]
[metashark.space/css/meanmenu.css]
[metashark.space/css/slick.css]
[metashark.space/css/default.css]
[metashark.space/css/style.css]
[metashark.space/css/responsive.css]
[metashark.space/img/icon/sword.png]
[metashark.space/gtag/js_id_g-ewts6dqrpj.js]
[metashark.space/index-2.html]
[metashark.space/img/trace500x500px.png]
[metashark.space/img/bg/my_info_box_hover.png]
[metashark.space/img/arrow-down.png]
[metashark.space/img/bnb.png]
[metashark.space/img/sword.png]
[metashark.space/img/images/footer_fire.png]
[metashark.space/sword.js]
[metashark.space/ref.js]
[metashark.space/web3.js]
[metashark.space/js/vendor/jquery-3.4.1.min.js]
[metashark.space/js/popper.min.js]
[metashark.space/js/bootstrap.min.js]
[metashark.space/js/isotope.pkgd.min.js]
[metashark.space/js/slick.min.js]
[metashark.space/js/jquery.meanmenu.min.js]
[metashark.space/js/wow.min.js]
[metashark.space/js/aos.js]
[metashark.space/js/jquery.lettering.js]
[metashark.space/js/jquery.textillate.js]
[metashark.space/js/jquery.odometer.min.js]
[metashark.space/js/jquery.appear.js]
[metashark.space/js/owl.carousel.min.js]
[metashark.space/js/jquery.countdown.min.js]
[metashark.space/js/jquery.scrollup.min.js]
[metashark.space/js/imagesloaded.pkgd.min.js]
[metashark.space/js/jquery.magnific-popup.min.js]
[metashark.space/js/plugins.js]
[metashark.space/index.html]
[metashark.space/img/cicrlelogo.html]
[metashark.space/js/main.js]
[metashark.space/css/bootstrap.min.css]
[metashark.space/css/animate.min.css]
[metashark.space/css/magnific-popup.css]
[metashark.space/fonts/fa-brands-400.eot]
[metashark.space/fonts/fa-brands-400d41d.eot]
[metashark.space/fonts/fa-brands-400.woff]
[metashark.space/fonts/fa-brands-400.ttf]
[metashark.space/fonts/fa-brands-400.svg]
[metashark.space/fonts/fa-regular-400.eot]
[metashark.space/fonts/fa-regular-400d41d.eot]
[metashark.space/fonts/fa-regular-400.woff]
[metashark.space/fonts/fa-regular-400.ttf]
[metashark.space/fonts/fa-regular-400.svg]
[metashark.space/fonts/fa-solid-900.eot]
[metashark.space/fonts/fa-solid-900d41d.eot]
[metashark.space/fonts/fa-solid-900.woff]
[metashark.space/fonts/fa-solid-900.ttf]
[metashark.space/fonts/fa-solid-900.svg]
[metashark.space/css/fontawesome-all.min.css]
[metashark.space/css/odometer.css]
[metashark.space/css/aos.css]
[metashark.space/css/owl.video.play.html]
[metashark.space/css/owl.carousel.min.css]
[metashark.space/css/meanmenu.css]
[metashark.space/css/slick.css]
[metashark.space/css/default.css]
[metashark.space/fonts/grind_demolished-webfont.woff]
[metashark.space/img/images/btn_overlay.png]
[metashark.space/img/images/offer_count_bg.png]
[metashark.space/img/bg/header_bg.jpg]
[metashark.space/img/bg/header_social_bg.jpg]
[metashark.space/img/bg/h3_header_bg.jpg]
[metashark.space/img/bg/header_bottom_bg.png]
[metashark.space/img/bg/fourth_header_top_bg.jpg]
[metashark.space/img/bg/breadcrumb_bg.jpg]
[metashark.space/img/bg/breadcrumb_bg02.jpg]
[metashark.space/img/bg/breadcrumb_bg03.jpg]
[metashark.space/img/slider/slider_bg.jpg]
[metashark.space/img/slider/slider_bg02.jpg]
[metashark.space/img/slider/third_banner_bg.jpg]
[metashark.space/img/slider/fourth_banner_bg.jpg]
[metashark.space/img/bg/brand_bg.jpg]
[metashark.space/img/bg/s_brand_bg.jpg]
[metashark.space/img/bg/area_bg01.jpg]
[metashark.space/img/bg/area_bg02.jpg]
[metashark.space/img/bg/home_four_area_bg.png]
[metashark.space/img/images/title_bar.png]
[metashark.space/img/images/title_bar02.png]
[metashark.space/img/bg/third_about_bg.jpg]
[metashark.space/img/images/section_line.53.delayed]
[metashark.space/img/bg/my_info_box_bg.png]
[metashark.space/img/images/title_bar04.png]
[metashark.space/img/images/dots.png]
[metashark.space/img/bg/released_slide_bg.jpg]
[metashark.space/img/images/released_game_brush.png]
[metashark.space/img/bg/game_manage_bg.jpg]
[metashark.space/img/bg/featured_game_bg.png]
[metashark.space/img/bg/cta_bg.jpg]
[metashark.space/img/bg/latest_match_bg.jpg]
[metashark.space/img/bg/third_team_bg.jpg]
[metashark.space/img/bg/team_content_bg.png]
[metashark.space/img/bg/team_content_hover_bg.png]
[metashark.space/img/bg/game_gallery_bg.png]
[metashark.space/img/bg/just_gamer_bg.jpg]
[metashark.space/img/images/title_bar03.png]
[metashark.space/img/bg/gamer_list_icon_bg.jpg]
[metashark.space/img/bg/features_bg.jpg]
[metashark.space/img/bg/home_four_shop_bg.jpg]
[metashark.space/img/bg/upc_game_bg.jpg]
[metashark.space/img/bg/donation_bg.jpg]
[metashark.space/img/bg/my_match_bg.jpg]
[metashark.space/img/bg/third_contact_bg.jpg]
[metashark.space/img/bg/footer_bg.jpg]
[metashark.space/img/bg/t_footer_bg.jpg]
[metashark.space/img/bg/s_footer_bg.jpg]
[metashark.space/img/slider/fifth_banner_bg.6d.delayed]
[metashark.space/img/bg/streaming_bg.jpg]
[metashark.space/img/bg/h5_footer_bg.jpg]
[metashark.space/img/slider/magazine_banner_bg.jpg]
[metashark.space/img/slider/shop_slider_bg.jpg]
[metashark.space/img/images/s_section_line.png]
[metashark.space/img/bg/makes_chair_bg.jpg]
[metashark.space/img/images/mgc_bg_conve01.png]
[metashark.space/img/images/mgc_bg_conve02.png]
[metashark.space/img/images/chair_discount_shape.png]
[metashark.space/img/bg/streaming_bg02.jpg]
[metashark.space/img/bg/latest_game_news.jpg]
[metashark.space/css/style.css]
[metashark.space/css/responsive.css]
[metashark.space/www.googletagmanager.com/gtm.js]
[metashark.space/c]
[metashark.space/embed/index.html]
[cct.google/taggy/agent.js]
[metashark.space/gtag/js_id_g-ewts6dqrpj.js]
[metashark.space/index-2.html]
[metashark.space/img/images/footer_fire.html]
[metashark.space/bn.js]
[metashark.space/des.js]
[metashark.space/md5.js]
[metashark.space/sha.js]
[metashark.space/hash.js]
[metashark.space/array.js]
[metashark.space/jsonrpc.js]
[metashark.space/batch.js]
[metashark.space/givenProvider.js]
[metashark.space/subscription.js]
[metashark.space/extend.js]
[metashark.space/getNetworkType.js]
[metashark.space/POST]
[metashark.space/url]
[metashark.space/utils.js]
[metashark.space/soliditySha3.js]
[metashark.space/usr/local/lib/node_modules/browserify/node_modules/is-buffer/index.js]
[metashark.space/lib/ensure-header.js]
[metashark.space/lib/request.js]
[metashark.space/is-buffer/index.js]
[metashark.space/lib/_stream_duplex.js]
[metashark.space/string_decoder/index.html]
[metashark.space/ABCDEFGHIJKLMNOPQRSTUVWXYZabcdefghijklmnopqrstuvwxyz0123456789+/index.html]
[metashark.space/util/index.html]
[metashark.space/lib/_stream_readable.91.delayed]
[metashark.space/lib/_stream_writable.js]
[metashark.space/lib/_stream_transform.js]
[metashark.space/lib/_stream_passthrough.js]
[metashark.space/readable-stream/readable.js]
[metashark.space/readable-stream/writable.js]
[metashark.space/readable-stream/duplex.js]
[metashark.space/readable-stream/transform.js]
[metashark.space/readable-stream/passthrough.js]
[metashark.space/GET]
[metashark.space/lib/internal/streams/end-of-stream.js]
[metashark.space/lib/internal/streams/pipeline.js]
[metashark.space/process/browser.js]
[metashark.space/web3.js]
[metashark.space/sword.js]
[metashark.space/ref.js]
[metashark.space/js/vendor/jquery-3.4.1.min.js]
[metashark.space/js/popper.min.js]
[metashark.space/popper.js]
[metashark.space/js/bootstrap.min.js]
[metashark.space/js/isotope.pkgd.min.js]
[metashark.space/js/slick.min.js]
[metashark.space/js/jquery.meanmenu.min.js]
[metashark.space/js/wow.min.js]
[metashark.space/js/aos.js]
[metashark.space/js/jquery.lettering.js]
[metashark.space/js/jquery.textillate.js]
[metashark.space/js/jquery.odometer.min.js]
[metashark.space/js/jquery.appear.js]
[metashark.space/js/owl.carousel.min.js]
[metashark.space/js/jquery.countdown.min.js]
[metashark.space/js/jquery.scrollup.min.js]
[metashark.space/js/imagesloaded.pkgd.min.js]
[metashark.space/js/jquery.magnific-popup.min.js]
[metashark.space/js/plugins.js]
[metashark.space/js/main.js]
[metashark.space/fonts/fa-brands-400.html]
[metashark.space/fonts/fa-brands-400d41d.html]
[metashark.space/fonts/fa-brands-401.html]
[metashark.space/fonts/fa-brands-402.html]
[metashark.space/fonts/fa-brands-403.html]
[metashark.space/fonts/fa-regular-400.html]
[metashark.space/fonts/fa-regular-400d41d.html]
[metashark.space/fonts/fa-regular-401.html]
[metashark.space/fonts/fa-regular-402.html]
[metashark.space/fonts/fa-regular-403.html]
[metashark.space/fonts/fa-solid-900.html]
[metashark.space/fonts/fa-solid-900d41d.html]
[metashark.space/fonts/fa-solid-901.html]
[metashark.space/fonts/fa-solid-902.html]
[metashark.space/fonts/fa-solid-903.html]
[metashark.space/css/owl.video.play.html]
[metashark.space/fonts/grind_demolished-webfont.html]
[metashark.space/img/images/btn_overlay.html]
[metashark.space/img/images/offer_count_bg.html]
[metashark.space/img/bg/header_bg.html]
[metashark.space/img/bg/header_social_bg.html]
[metashark.space/img/bg/h3_header_bg.html]
[metashark.space/img/bg/header_bottom_bg.html]
[metashark.space/img/bg/fourth_header_top_bg.html]
[metashark.space/img/bg/breadcrumb_bg.html]
[metashark.space/img/bg/breadcrumb_bg02.html]
[metashark.space/img/bg/breadcrumb_bg03.html]
[metashark.space/img/slider/slider_bg.html]
[metashark.space/img/slider/slider_bg02.html]
[metashark.space/img/slider/third_banner_bg.html]
[metashark.space/img/slider/fourth_banner_bg.html]
[metashark.space/img/bg/brand_bg.html]
[metashark.space/img/bg/s_brand_bg.html]
[metashark.space/img/bg/area_bg01.html]
[metashark.space/img/bg/area_bg02.html]
[metashark.space/img/bg/home_four_area_bg.html]
[metashark.space/img/images/title_bar.html]
[metashark.space/img/images/title_bar02.html]
[metashark.space/img/images/section_line.html]
[metashark.space/img/images/title_bar04.html]
[metashark.space/img/images/dots.html]
[metashark.space/img/bg/released_slide_bg.html]
[metashark.space/img/images/released_game_brush.html]
[metashark.space/img/bg/game_manage_bg.html]
[metashark.space/img/bg/featured_game_bg.html]
[metashark.space/img/bg/cta_bg.html]
[metashark.space/img/bg/latest_match_bg.html]
[metashark.space/img/bg/third_team_bg.html]
[metashark.space/img/bg/team_content_bg.html]
[metashark.space/img/bg/team_content_hover_bg.html]
[metashark.space/img/bg/game_gallery_bg.html]
[metashark.space/img/bg/just_gamer_bg.html]
[metashark.space/img/images/title_bar03.html]
[metashark.space/img/bg/gamer_list_icon_bg.html]
[metashark.space/img/bg/features_bg.html]
[metashark.space/img/bg/home_four_shop_bg.html]
[metashark.space/img/bg/upc_game_bg.html]
[metashark.space/img/bg/donation_bg.html]
[metashark.space/img/bg/my_match_bg.html]
[metashark.space/img/bg/third_contact_bg.html]
[metashark.space/img/bg/footer_bg.html]
[metashark.space/img/bg/t_footer_bg.html]
[metashark.space/img/slider/fifth_banner_bg.html]
[metashark.space/img/bg/streaming_bg.html]
[metashark.space/img/bg/h5_footer_bg.html]
[metashark.space/img/slider/magazine_banner_bg.html]
[metashark.space/img/slider/shop_slider_bg.html]
[metashark.space/img/images/s_section_line.html]
[metashark.space/img/bg/makes_chair_bg.html]
[metashark.space/img/images/mgc_bg_conve01.html]
[metashark.space/img/images/mgc_bg_conve02.html]
[metashark.space/img/images/chair_discount_shape.html]
[metashark.space/img/bg/streaming_bg02.html]
[metashark.space/img/bg/latest_game_news.html]
[metashark.space/www.googletagmanager.com/gtm.html]
[metashark.space/c.html]
[metashark.space/embed/index.html]
[metashark.space/bn.html]
[metashark.space/des.html]
[metashark.space/md5.html]
[metashark.space/sha.html]
[metashark.space/hash.html]
[metashark.space/array.html]
[metashark.space/jsonrpc.html]
[metashark.space/batch.html]
[metashark.space/givenProvider.html]
[metashark.space/subscription.html]
[metashark.space/extend.html]
[metashark.space/getNetworkType.html]
[metashark.space/POST.html]
[metashark.space/url.html]
[metashark.space/utils.html]
[metashark.space/soliditySha3.html]
[metashark.space/usr/local/lib/node_modules/browserify/node_modules/is-buffer/index.html]
[metashark.space/lib/ensure-header.html]
[metashark.space/lib/request.html]
[metashark.space/util/index.html]
[metashark.space/ABCDEFGHIJKLMNOPQRSTUVWXYZabcdefghijklmnopqrstuvwxyz0123456789+/index.html]
[metashark.space/is-buffer/index.html]
[metashark.space/lib/_stream_duplex.html]
[metashark.space/string_decoder/index.html]
[metashark.space/lib/_stream_readable.html]
[metashark.space/lib/_stream_writable.html]
[metashark.space/lib/_stream_transform.html]
[metashark.space/lib/_stream_passthrough.html]
[metashark.space/readable-stream/readable.html]
[metashark.space/readable-stream/writable.html]
[metashark.space/readable-stream/duplex.html]
[metashark.space/readable-stream/transform.html]
[metashark.space/readable-stream/passthrough.html]
[metashark.space/GET.html]
[metashark.space/lib/internal/streams/end-of-stream.html]
[metashark.space/lib/internal/streams/pipeline.html]
[metashark.space/process/browser.html]
[metashark.space/popper.html]
[metashark.space/dist/index.html]
[metashark.space/dist/index.html]
